#
# A fatal error has been detected by the Java Runtime Environment:
#
#  EXCEPTION_ACCESS_VIOLATION (0xc0000005) at pc=0x00007ffebad032e7, pid=10540, tid=17828
#
# JRE version:  (11.0.17+10) (build )
# Java VM: Java HotSpot(TM) 64-Bit Server VM (11.0.17+10-LTS-269, mixed mode, tiered, compressed oops, g1 gc, windows-amd64)
# Problematic frame:
# V  [jvm.dll+0x3632e7]
#
# No core dump will be written. Minidumps are not enabled by default on client versions of Windows
#
#

---------------  S U M M A R Y ------------

Command Line: -Dfile.encoding=UTF-8 defensesystem.Starter

Host: Intel(R) Core(TM) i5-7300U CPU @ 2.60GHz, 4 cores, 7G,  Windows 10 , 64 bit Build 19041 (10.0.19041.4842)
Time: Sun Nov 16 07:26:22 2025 Sri Lanka Standard Time elapsed time: 8.448978 seconds (0d 0h 0m 8s)

---------------  T H R E A D  ---------------

Current thread (0x00000156cf5ea800):  JavaThread "Unknown thread" [_thread_in_vm, id=17828, stack(0x0000000100400000,0x0000000100500000)]

Stack: [0x0000000100400000,0x0000000100500000],  sp=0x00000001004ff170,  free space=1020k
Native frames: (J=compiled Java code, j=interpreted, Vv=VM code, C=native code)
V  [jvm.dll+0x3632e7]
V  [jvm.dll+0x62b502]
V  [jvm.dll+0x36304e]
V  [jvm.dll+0x34c70c]
V  [jvm.dll+0x34c1a8]
V  [jvm.dll+0x34c488]
V  [jvm.dll+0x34c1a8]
V  [jvm.dll+0x7271d4]
V  [jvm.dll+0x7253ee]
V  [jvm.dll+0x3b5c1f]
