#
# A fatal error has been detected by the Java Runtime Environment:
#
#  EXCEPTION_ACCESS_VIOLATION (0xc0000005) at pc=0x00007ffeff751bd5, pid=6416, tid=16704
#
# JRE version:  (11.0.17+10) (build )
# Java VM: Java HotSpot(TM) 64-Bit Server VM (11.0.17+10-LTS-269, mixed mode, sharing, tiered, unknown gc, windows-amd64)
# Problematic frame:
# C  [jimage.dll+0x1bd5]
#
# No core dump will be written. Minidumps are not enabled by default on client versions of Windows
#
#

---------------  S U M M A R Y ------------

Command Line: 

Host: Intel(R) Core(TM) i5-7300U CPU @ 2.60GHz, 4 cores, 7G,  Windows 10 , 64 bit Build 19041 (10.0.19041.4842)
Time: Sun Nov 16 07:35:29 2025 Sri Lanka Standard Time elapsed time: 1.807362 seconds (0d 0h 0m 1s)

---------------  T H R E A D  ---------------

Current thread is native thread

Stack: [0x000000bf33500000,0x000000bf33600000],  sp=0x000000bf335fd8f0,  free space=1014k
Native frames: (J=compiled Java code, j=interpreted, Vv=VM code, C=native code)
C  [jimage.dll+0x1bd5]


siginfo: EXCEPTION_ACCESS_VIOLATION (0xc0000005), reading address 0x000000000000cb78


Registers:
RAX=0x00000000000032d7, RBX=0x000000bf335fd9e1, RCX=0x00007ffeff756000, RDX=0x00000000000032d7
RSP=0x000000bf335fd8f0, RBP=0x000000bf335fd9e0, RSI=0x00000000000074cf, RDI=0x000000bf335fd9e0
R8 =0x00007ffeff754268, R9 =0x000000000000001c, R10=0x00007ffebb1ee000, R11=0x00007ffeff756000
R12=0x000000bf335ff880, R13=0x000002bebe5f4c60, R14=0x000000bf335fea50, R15=0x00007ffebb1ee010
RIP=0x00007ffeff751bd5, EFLAGS=0x0000000000010246

Top of Stack: (sp=0x000000bf335fd8f0)
0x000000bf335fd8f0:   000002bebe5e0000 000000bf335fd9b9
0x000000bf335fd900:   0000000000000005 00007fff04f1b3c7
0x000000bf335fd910:   000002bebe603f10 00007ffeff751d63
0x000000bf335fd920:   000000000000000b 000002bebe603f10
0x000000bf335fd930:   0000000000000000 0000000000000000
0x000000bf335fd940:   0000000200000000 0000000000000000
0x000000bf335fd950:   000000bf335fd990 00007fff04f25bee
0x000000bf335fd960:   000002bebe480820 0000000000000000
0x000000bf335fd970:   000002bebe5fdbd0 000000bf335fdca8
0x000000bf335fd980:   0000666fdb9bba55 00007fff04f2dac1
0x000000bf335fd990:   00007ffebb1ccd90 0000000000000017
0x000000bf335fd9a0:   000002bebe603f10 000000bf335fea50
0x000000bf335fd9b0:   000000000000000b 00007ffeff752745
0x000000bf335fd9c0:   0000000000000000 00007fff0500d2f0
0x000000bf335fd9d0:   0000000000000200 00007fff04f52adf
0x000000bf335fd9e0:   61622e6176616a2f 692f6b646a2f6573 

Instructions: (pc=0x00007ffeff751bd5)
0x00007ffeff751bb5:   b6 ca 44 8a 12 33 c1 48 ff c2 45 84 d2 75 e9 4d
0x00007ffeff751bc5:   8b 03 0f ba f0 1f 33 d2 49 8b cb f7 f6 48 63 c2
0x00007ffeff751bd5:   41 8b 14 81 41 ff 50 08 85 c0 7e 24 8a 0f eb 10
0x00007ffeff751be5:   69 c0 93 01 00 01 0f b6 c9 33 c1 8a 0b 48 ff c3 



---------------  P R O C E S S  ---------------

VM state:not at safepoint (not fully initialized)

VM Mutex/Monitor currently owned by a thread: None


Dynamic libraries:
0x00007ff7af860000 - 0x00007ff7af86f000 	C:\Program Files\Java\jdk-11.0.17\bin\java.exe
0x00007fff04ef0000 - 0x00007fff050e8000 	C:\Windows\SYSTEM32\ntdll.dll
0x00007fff037f0000 - 0x00007fff038b1000 	C:\Windows\System32\KERNEL32.DLL
0x00007fff02890000 - 0x00007fff02b8d000 	C:\Windows\System32\KERNELBASE.dll
0x00007fff02670000 - 0x00007fff02770000 	C:\Windows\System32\ucrtbase.dll
0x00007ffeff8d0000 - 0x00007ffeff8e8000 	C:\Program Files\Java\jdk-11.0.17\bin\jli.dll
0x00007fff043a0000 - 0x00007fff04450000 	C:\Windows\System32\ADVAPI32.dll
0x00007fff02f20000 - 0x00007fff02fbe000 	C:\Windows\System32\msvcrt.dll
0x00007fff04140000 - 0x00007fff041e0000 	C:\Windows\System32\sechost.dll
0x00007fff03920000 - 0x00007fff03a43000 	C:\Windows\System32\RPCRT4.dll
0x00007fff02c90000 - 0x00007fff02cb7000 	C:\Windows\System32\bcrypt.dll
0x00007fff04820000 - 0x00007fff049bd000 	C:\Windows\System32\USER32.dll
0x00007fff02640000 - 0x00007fff02662000 	C:\Windows\System32\win32u.dll
0x00007fff041e0000 - 0x00007fff0420b000 	C:\Windows\System32\GDI32.dll
0x00007fff02770000 - 0x00007fff02887000 	C:\Windows\System32\gdi32full.dll
0x00007fff025a0000 - 0x00007fff0263d000 	C:\Windows\System32\msvcp_win.dll
0x00007ffeff6b0000 - 0x00007ffeff6c5000 	C:\Program Files\Java\jdk-11.0.17\bin\VCRUNTIME140.dll
0x00007fff01900000 - 0x00007fff01b9a000 	C:\Windows\WinSxS\amd64_microsoft.windows.common-controls_6595b64144ccf1df_6.0.19041.4355_none_60b8b9eb71f62e16\COMCTL32.dll
0x00007ffefa890000 - 0x00007ffefa89a000 	C:\Windows\SYSTEM32\VERSION.dll
0x00007fff03a50000 - 0x00007fff03a7f000 	C:\Windows\System32\IMM32.DLL
0x00007ffee8680000 - 0x00007ffee871b000 	C:\Program Files\Java\jdk-11.0.17\bin\msvcp140.dll
0x00007ffeba9a0000 - 0x00007ffebb4ba000 	C:\Program Files\Java\jdk-11.0.17\bin\server\jvm.dll
0x00007fff03ef0000 - 0x00007fff03ef8000 	C:\Windows\System32\PSAPI.DLL
0x00007fff02090000 - 0x00007fff02099000 	C:\Windows\SYSTEM32\WSOCK32.dll
0x00007fff040d0000 - 0x00007fff0413b000 	C:\Windows\System32\WS2_32.dll
0x00007ffef3ec0000 - 0x00007ffef3ee7000 	C:\Windows\SYSTEM32\WINMM.dll
0x00007fff00790000 - 0x00007fff007a2000 	C:\Windows\SYSTEM32\kernel.appcore.dll
0x00007ffeffb20000 - 0x00007ffeffb30000 	C:\Program Files\Java\jdk-11.0.17\bin\verify.dll
0x00007fff01cf0000 - 0x00007fff01ed4000 	C:\Windows\SYSTEM32\DBGHELP.DLL
0x00007fff01c90000 - 0x00007fff01cc4000 	C:\Windows\SYSTEM32\dbgcore.DLL
0x00007fff02e90000 - 0x00007fff02f12000 	C:\Windows\System32\bcryptPrimitives.dll
0x00007ffefeac0000 - 0x00007ffefeae8000 	C:\Program Files\Java\jdk-11.0.17\bin\java.dll
0x00007ffeff750000 - 0x00007ffeff75a000 	C:\Program Files\Java\jdk-11.0.17\bin\jimage.dll

dbghelp: loaded successfully - version: 4.0.5 - missing functions: none
symbol engine: initialized successfully - sym options: 0x614 - pdb path: .;C:\Program Files\Java\jdk-11.0.17\bin;C:\Windows\SYSTEM32;C:\Windows\WinSxS\amd64_microsoft.windows.common-controls_6595b64144ccf1df_6.0.19041.4355_none_60b8b9eb71f62e16;C:\Program Files\Java\jdk-11.0.17\bin\server

VM Arguments:
java_command: <unknown>
java_class_path (initial): <not set>
Launcher Type: SUN_STANDARD

[Global flags]
     bool UseLargePagesIndividualAllocation        = false                                  {pd product} {ergonomic}

Logging:
Log output configuration:
 #0: stdout all=warning uptime,level,tags
 #1: stderr all=off uptime,level,tags

Environment Variables:
CLASSPATH=C:\Program Files\Java\jdk-11.0.17\lib\jrt-fs.jar.;
PATH=C:\Program Files\Java\jdk-11.0.17\bin;C:\Windows\system32;C:\Windows;C:\Windows\System32\Wbem;C:\Windows\System32\WindowsPowerShell\v1.0\;C:\Windows\System32\OpenSSH\;C:\Program Files\MySQL\MySQL Server 8.0\bin;C:\Program Files\Git\cmd;C:\Program Files\dotnet\;C:\Users\GLOBAL TRADINGS\AppData\Local\Programs\Microsoft VS Code\bin;C:\Program Files\nodejs\;C:\Program Files\Java\jdk-11.0.17\bin.;C:\Users\GLOBAL TRADINGS\AppData\Local\Programs\Microsoft VS Code\bin;C:\Users\GLOBAL TRADINGS\AppData\Roaming\npm
USERNAME=GLOBAL TRADINGS
OS=Windows_NT
PROCESSOR_IDENTIFIER=Intel64 Family 6 Model 142 Stepping 9, GenuineIntel



---------------  S Y S T E M  ---------------

OS: Windows 10 , 64 bit Build 19041 (10.0.19041.4842)

CPU:total 4 (initial active 0) 

Memory: 4k page, system-wide physical 8071M (2049M free)
TotalPageFile size 20571M (AvailPageFile size 4491M)
current process WorkingSet (physical memory assigned to process): 7M, peak: 7M
current process commit charge ("private bytes"): 3M, peak: 3M

vm_info: Java HotSpot(TM) 64-Bit Server VM (11.0.17+10-LTS-269) for windows-amd64 JRE (11.0.17+10-LTS-269), built on Sep 13 2022 19:26:37 by "mach5one" with MS VC++ 15.9 (VS2017)

END.
